stm32f4xx_hal_msp.c:67:6:HAL_MspInit	8	static
stm32f4xx_hal_msp.c:89:6:HAL_ADC_MspInit	40	static
stm32f4xx_hal_msp.c:125:6:HAL_ADC_MspDeInit	0	static
stm32f4xx_hal_msp.c:156:6:HAL_CRC_MspInit	8	static
stm32f4xx_hal_msp.c:178:6:HAL_CRC_MspDeInit	0	static
stm32f4xx_hal_msp.c:200:6:HAL_TIM_Base_MspInit	24	static
stm32f4xx_hal_msp.c:271:6:HAL_TIM_MspPostInit	56	static
stm32f4xx_hal_msp.c:407:6:HAL_TIM_Base_MspDeInit	0	static
stm32f4xx_hal_msp.c:484:6:HAL_UART_MspInit	56	static
stm32f4xx_hal_msp.c:566:6:HAL_UART_MspDeInit	8	static
