main.c:101:5:main	64	static
main.c:162:6:SystemClock_Config	88	static
main.c:207:13:MX_ADC1_Init	8	static
main.c:281:13:MX_CRC_Init	8	static
main.c:307:13:MX_TIM1_Init	96	static
main.c:382:13:MX_TIM2_Init	64	static
main.c:441:13:MX_TIM3_Init	64	static
main.c:500:13:MX_TIM4_Init	64	static
main.c:559:13:MX_TIM10_Init	40	static
main.c:605:13:MX_TIM11_Init	40	static
main.c:651:13:MX_USART1_UART_Init	8	static
main.c:686:13:MX_USART2_UART_Init	8	static
main.c:717:13:MX_DMA_Init	16	static
main.c:735:13:MX_GPIO_Init	48	static
main.c:769:6:HAL_UART_RxCpltCallback	16	static
main.c:773:6:initDevices	16	static
main.c:812:6:Error_Handler	4	static,ignoring_inline_asm
