main.c:87:5:main	64	static
main.c:142:6:SystemClock_Config	88	static
main.c:187:13:MX_ADC1_Init	8	static
main.c:259:13:MX_CRC_Init	8	static
main.c:285:13:MX_USART1_UART_Init	8	static
main.c:320:13:MX_USART2_UART_Init	8	static
main.c:351:13:MX_DMA_Init	16	static
main.c:369:13:MX_GPIO_Init	48	static
main.c:403:6:HAL_UART_RxCpltCallback	16	static
main.c:407:6:initDevices	16	static
main.c:450:6:HAL_TIM_PeriodElapsedCallback	16	static
main.c:467:6:Error_Handler	4	static,ignoring_inline_asm
